exports[`It should render the Homepage 1`] = `
<div>
  <h1
    className="Home_title"
  >
    Math Magicians
  </h1>
  <h2
    className="Home_info"
  >
    Welcome to Our Page
  </h2>
  <p>
    Lorem ipsum dolor sit amet consectetur adipisicing elit. Aliquam amet consequuntur possimus, nulla id praesentium porro voluptatum laboriosam rerum ullam ipsa. Iusto alias quas, distinctio iste voluptates assumenda exercitationem obcaecati.Lorem ipsum dolor sit amet consectetur adipisicing elit. Aliquam amet consequuntur possimus, nulla id praesentium porro voluptatum laboriosam rerum ullam ipsa. Iusto alias quas, distinctio iste voluptates assumenda exercitationem obcaecati.
  </p>
  <p>
    Lorem ipsum dolor sit amet consectetur adipisicing elit. Aliquam amet consequuntur possimus, nulla id praesentium porro voluptatum laboriosam rerum ullam ipsa. Iusto alias quas, distinctio iste voluptates assumenda exercitationem obcaecati .Lorem ipsum dolor sit amet consectetur adipisicing elit. Aliquam amet consequuntur possimus, nulla id praesentium porro voluptatum laboriosam rerum ullam ipsa. Iusto alias quas, distinctio iste voluptates assumenda exercitationem obcaecati.
  </p>
</div>
`;

exports[`Test to render the Home page of the app It should render the Homepage 1`] = `
<div>
  <h1
    className="Home_title"
  >
    Math Magicians
  </h1>
  <h2
    className="Home_info"
  >
    Welcome to Our Page
  </h2>
  <p>
    Lorem ipsum dolor sit amet consectetur adipisicing elit. Aliquam amet consequuntur possimus, nulla id praesentium porro voluptatum laboriosam rerum ullam ipsa. Iusto alias quas, distinctio iste voluptates assumenda exercitationem obcaecati.Lorem ipsum dolor sit amet consectetur adipisicing elit. Aliquam amet consequuntur possimus, nulla id praesentium porro voluptatum laboriosam rerum ullam ipsa. Iusto alias quas, distinctio iste voluptates assumenda exercitationem obcaecati.
  </p>
  <p>
    Lorem ipsum dolor sit amet consectetur adipisicing elit. Aliquam amet consequuntur possimus, nulla id praesentium porro voluptatum laboriosam rerum ullam ipsa. Iusto alias quas, distinctio iste voluptates assumenda exercitationem obcaecati .Lorem ipsum dolor sit amet consectetur adipisicing elit. Aliquam amet consequuntur possimus, nulla id praesentium porro voluptatum laboriosam rerum ullam ipsa. Iusto alias quas, distinctio iste voluptates assumenda exercitationem obcaecati.
  </p>
</div>
`;